csi-xmsim - CSI: Command line:
xmsim
    -f /space/users/sofiac/alu/alu_verif/xcelium.d/run.lnx8664.22.03.d/cad-compute1_21261/xmsim.args
        -INPUT @source /tools/cdnc/xcelium/current/tools/methodology/UVM/CDNS-1.2/additions/sv/files/tcl/uvm_sim.tcl
        +DUMPNAME=test.vcd
        +UVM_VERBOSITY=UVM_HIGH
        +incdir+/space/users/sofiac/alu
        +incdir+/space/users/sofiac/alu/alu_verif/agent
        +incdir+/space/users/sofiac/alu/alu_verif/env
        +incdir+/space/users/sofiac/alu/alu_verif/tests
        +incdir+/space/users/sofiac/alu/rtl/ALU
        +incdir+/space/users/sofiac/alu/rtl/ALU/APB_CSR
        +incdir+/space/users/sofiac/alu/rtl/ALU/Common
        +incdir+/space/users/sofiac/alu/rtl/ALU/FIFO
        -uvmhome /tools/cdnc/xcelium/current/tools/methodology/UVM/CDNS-1.2
        -sv_lib /tools/cdnc/xcelium/current/tools/methodology/UVM/CDNS-1.2/additions/sv/lib/64bit/libuvmpli.so
        -gui
        -COVOVERWRITE
        -DUTINST top_tb/dut/alu_top_module
        +UVM_TESTNAME=sanity_operation_test
        -MESSAGES
        -svseed RANDOM
        -sndynseed RANDOM
        -SV_LIB /tools/cdnc/xcelium/current/tools/methodology/UVM/CDNS-1.2/additions/sv/lib/64bit/libuvmdpi.so
        +EMGRLOG test.log
        -XLSTIME 1768388966
        -XLKEEP
        -XLMODE ./xcelium.d/run.lnx8664.22.03.d
        -RUNMODE
        -CDSLIB ./xcelium.d/run.lnx8664.22.03.d/cds.lib
        -HDLVAR ./xcelium.d/run.lnx8664.22.03.d/hdl.var
        -XLNAME xrun
        -XLVERSION TOOL:	xrun(64)	22.03-s002
        -XLNAME ./xcelium.d/run.lnx8664.22.03.d/cad-compute1_21261
    -CHECK_VERSION TOOL:	xrun(64)	22.03-s002
    -LOG_FD 4
    -LOG_FD_NAME test.log
    -cmdnopsim
    -runlock /space/users/sofiac/alu/alu_verif/xcelium.d/run.lnx8664.22.03.d/.xmlib.lock
    -runscratch /space/users/sofiac/alu/alu_verif/xcelium.d/run.lnx8664.22.03.d/cad-compute1_21261

csi-xmsim - CSI: *F,INTERR: INTERNAL EXCEPTION
Observed simulation time : 0 FS + 0
-----------------------------------------------------------------
The tool has encountered an unexpected condition and must exit.
Contact Cadence Design Systems customer support about this
problem and provide enough information to help us reproduce it,
including the logfile that contains this error message.
  TOOL:	xmsim(64)	22.03-s002
  HOSTNAME: cad-compute1
  OPERATING SYSTEM: Linux 3.10.0-1160.90.1.el7.x86_64 #1 SMP Thu May 4 15:21:22 UTC 2023 x86_64
  MESSAGE: sv_seghandler - trapno -1 addr(0x30)
-----------------------------------------------------------------

csi-xmsim - CSI: Cadence Support Investigation, recording details
User Code in function: <unavailable> offset -65495
User Code in function: <unavailable> offset -65536
Verilog Syntax Tree: package declaration (VST_D_PACKAGE) in verilog_package worklib.cdns_uvm_pkg:sv (VST)
	File: /tools/cdnc/xcelium/current/tools/methodology/UVM/CDNS-1.2/additions/sv/cdns_uvm_pkg.sv, line 28, position 19
	Scope: cdns_uvm_pkg
	Decompile: cdns_uvm_pkg
	Source  : package cdns_uvm_pkg;
	Position:                    ^
Simulator Snap Shot: top level instance (SSS_TLI) in snapshot worklib.top_tb:sv (SSS)
Verilog Syntax Tree: module declaration (VST_D_MODULE) in module worklib.top_tb:sv (VST)
	File: /space/users/sofiac/alu/alu_verif/top_tb.sv, line 3, position 12
	Scope: top_tb
	Decompile: top_tb
	Source  : module top_tb;
	Position:             ^
User Code in function: <unavailable> offset -65510
User Code in function: <unavailable> offset -61440
User Code in function: <unavailable> offset -63536
Verilog Syntax Tree: task declaration (VST_D_TASK) in verilog_package worklib.uvm_pkg:sv (VST)
	File: /tools/cdnc/xcelium/current/tools/methodology/UVM/CDNS-1.2/sv/src/base/uvm_root.svh, line 420, position 22
	Scope: uvm_pkg::uvm_root::run_test
	Decompile: run_test
	Source  : task uvm_root::run_test(string test_name="");
	Position:                       ^
Intermediate File: array of pointers (IF_PTRBLK) in snapshot worklib.top_tb:sv (SSS)
User Code in function: <unavailable> offset 49344152
User Code in function: <unavailable> offset -65504
csi-xmsim - CSI: investigation complete took 0.019 secs, send this file to Cadence Support
