/tools/cdnc/xcelium/22.03.002/tools.lnx86/inca/bin/64bit/xmsim
Obtained 35 stack frames.
/tools/cdnc/xcelium/22.03.002/tools.lnx86/inca/bin/64bit/../../../lib/64bit/libcbreakpad.so(_Z13use_backtracev+0x9d) [0x2adabca151a3]
/tools/cdnc/xcelium/22.03.002/tools.lnx86/inca/bin/64bit/../../../lib/64bit/libcbreakpad.so(cbpad_generate_dump_on_demand+0x66) [0x2adabca15630]
xmsim() [0x18e18a6]
xmsim(serror+0x95) [0x18e3405]
xmsim() [0xb46fe4]
xmsim() [0xb475ed]
/lib64/libpthread.so.0(+0xf630) [0x2adabbee6630]
xmsim() [0xbdaecd]
xmsim() [0xbcf594]
xmsim() [0xcea951]
xmsim() [0x13688aa]
xmsim() [0x1373ea0]
xmsim() [0x1375e99]
xmsim() [0x13b8119]
xmsim(sslu_traverse_scopes+0x37f) [0xd85b9f]
xmsim() [0x13923ec]
xmsim() [0x13ba1bf]
xmsim() [0x6c16fa]
xmsim() [0x5f70fe]
xmsim() [0x62c075]
xmsim() [0xa7b677]
xmsim(TclInvokeStringCommand+0x7b) [0x11e5bcb]
xmsim() [0x11eab17]
xmsim() [0x11ecd7d]
xmsim(Tcl_EvalEx+0x13) [0x11ed503]
xmsim() [0x11ed600]
xmsim() [0x11ed92a]
xmsim(Tcl_RecordAndEvalObj+0xce) [0x128ef2e]
xmsim(Tcl_RecordAndEval+0x38) [0x128f108]
xmsim() [0xa7f5e3]
xmsim() [0x609999]
xmsim(ncmain+0x8a) [0x608594]
xmsim(main+0x10) [0x2258dda]
/lib64/libc.so.6(__libc_start_main+0xf5) [0x2adabc635555]
xmsim() [0x56f248]
